// Vitest Snapshot v1, https://vitest.dev/guide/snapshot.html

exports[`App > should render the app as expected 1`] = `
<DocumentFragment>
  <div
    class="App"
  >
    <div
      data-testid="masthead"
    />
    <div
      class="AppContainer"
    >
      <header>
        Your champions!
      </header>
      <div
        data-testid="team"
      />
      <div
        data-testid="totals"
      />
      <div
        data-testid="search"
      />
      <div
        data-testid="filters"
      />
      <div
        data-testid="table"
      />
    </div>
  </div>
</DocumentFragment>
`;
